// Jest Snapshot v1, https://goo.gl/fbAQLP

exports[`#Root with defined phone numbers should render without crashing 1`] = `
<div
  className="container flex-container flex-column flex-center"
  id="root"
>
  <h2>
    Random Phone Number Generator
  </h2>
  <div>
    <h5>
      Total Count: 0
    </h5>
  </div>
  <div
    className="control-panel"
  >
    <button
      onClick={[Function]}
      type="button"
    >
      Sort Ascending
    </button>
    <button
      onClick={[Function]}
      type="button"
    >
      Sort Descending
    </button>
    <button
      onClick={[Function]}
      type="button"
    >
      Find Max
    </button>
    <button
      onClick={[Function]}
      type="button"
    >
      Find Min
    </button>
  </div>
  <div
    className="result-panel container"
  >
    <div
      className="one-half column"
    >
      <div
        className="flex-container flex-center"
      >
        <span>
          Maximum Number
        </span>
        <span>
          
        </span>
      </div>
    </div>
    <div
      className="one-half column"
    >
      <div
        className="flex-container flex-center"
      >
        <span>
          Minimum Number
        </span>
        <span>
          
        </span>
      </div>
    </div>
  </div>
  <table>
    <thead>
      <tr>
        <th>
          #
        </th>
        <th>
          Phone Number
        </th>
      </tr>
    </thead>
    <tbody />
  </table>
</div>
`;
